----------------------------------------------------------------------------------
      name:  <unnamed>
       log:  /Users/shyde/Desktop/Ps5/logs/ps5.log
  log type:  text
 opened on:   9 Mar 2026, 21:04:03

. 
. * 2. Loading dataset (dta file)
. use "ps5_data.dta", clear

. 
. ds
SERIALNO   AGEP       SCHL       WKHP       NAICSP     RAC1P      SOCP_id
SPORDER    COW        SEX        ESR        PINCP      SOCP       ln_wage
PWGTP      MAR        WAGP       HISP       POVPIP     NAICSP_id

. local nvars : word count `r(varlist)'

. display as txt "Number of variables in dataset: `nvars'"
Number of variables in dataset: 20

. 
. * 3. Defining local macros for variable groups
. local numeric_vars "AGEP WAGP WKHP SCHL PINCP POVPIP ESR COW MAR SEX RAC1P HISP 
> PWGTP"

. local categorical_vars "NAICSP SOCP"

. 
. display as txt "numeric_vars: `numeric_vars'"
numeric_vars: AGEP WAGP WKHP SCHL PINCP POVPIP ESR COW MAR SEX RAC1P HISP PWGTP

. display as txt "categorical_vars: `categorical_vars'"
categorical_vars: NAICSP SOCP

. 
. * 4. Clean numeric variables 
. foreach v of local numeric_vars {
  2.    capture confirm variable `v'
  3.     if _rc == 0 {
  4.   capture confirm numeric variable `v'
  5.     if _rc {
  6. replace `v' = "" if inlist(strtrim(`v'), "NA", ".", "")
  7. destring `v', replace
  8.         }
  9.     }
 10.     else {
 11.         display as error "Variable not found: `v'"
 12.     }
 13. }

. 
. * 5. Encoding and cleaning categorical variables
. foreach v of local categorical_vars {
  2. 
. capture confirm variable `v'
  3. if _rc == 0 {
  4. 
. capture confirm string variable `v'
  5. if _rc == 0 {
  6.             replace `v' = strtrim(`v')
  7.             replace `v' = strlower(`v')
  8.             replace `v' = strproper(`v')
  9.         }
 10. 
.         capture confirm variable `v'_id
 11.         if _rc {
 12.             encode `v', gen(`v'_id)
 13.         }
 14. 
.     }
 15.     else {
 16. display as error "Variable not found: `v'"
 17.     }
 18. }
(0 real changes made)
(781 real changes made)
(781 real changes made)
(0 real changes made)
(293 real changes made)
(293 real changes made)

. 
. * 6. QA checks
. count if missing(SERIALNO)
  0

. display as txt "Missing SERIALNO: " r(N)
Missing SERIALNO: 0

. 
. count if missing(SPORDER)
  0

. display as txt "Missing SPORDER: " r(N)
Missing SPORDER: 0

. 
. duplicates report SERIALNO SPORDER

Duplicates in terms of SERIALNO SPORDER

--------------------------------------
   Copies | Observations       Surplus
----------+---------------------------
        1 |         2029             0
--------------------------------------

. isid SERIALNO SPORDER

. 
. save "processed_data/ps5_cleaned_full.dta", replace
(file processed_data/ps5_cleaned_full.dta not found)
file processed_data/ps5_cleaned_full.dta saved

. 
. * 7. Building sample construction table
. tempname sample_post

. tempfile sample_steps

. 
. postfile `sample_post' str80 step int n_remaining int n_excluded using "`sample_
> steps'", replace
(file /var/folders/20/pw3pl0x13r79rrgz4427bp7m0000gn/T//S_18012.000001 not
    found)

. 
. count
  2,029

. local n_prev = r(N)

. post `sample_post' ("Start: imported observations") (`n_prev') (0)

. 
. keep if inrange(AGEP, 25, 64)
(0 observations deleted)

. count
  2,029

. local n_now = r(N)

. post `sample_post' ("Inclusion: age 25 to 64") (`n_now') (`n_prev' - `n_now')

. local n_prev = `n_now'

. 
. keep if WAGP > 0 & WKHP >= 35
(0 observations deleted)

. count
  2,029

. local n_now = r(N)

. post `sample_post' ("Inclusion: WAGP > 0 and WKHP >= 35") (`n_now') (`n_prev' - 
> `n_now')

. local n_prev = `n_now'

. 
. keep if inlist(ESR, 1, 2)
(0 observations deleted)

. count
  2,029

. local n_now = r(N)

. post `sample_post' ("Inclusion: ESR is 1 or 2") (`n_now') (`n_prev' - `n_now')

. local n_prev = `n_now'

. 
. drop if missing(AGEP, SCHL, PINCP, POVPIP, ESR, COW, MAR, SEX, RAC1P, HISP, PWGT
> P, NAICSP_id, SOCP_id)
(0 observations deleted)

. count
  2,029

. local n_now = r(N)

. post `sample_post' ("Exclusion: missing key model covariates or encoded IDs") (`
> n_now') (`n_prev' - `n_now')

. local n_prev = `n_now'

. 
. 
. capture gen ln_wage = ln(WAGP)

. label var ln_wage "Log wage income"

. 
. postclose `sample_post'

. 
. preserve

. use "`sample_steps'", clear

. export delimited using "processed_data/ps5_sample_construction.csv", replace
(file processed_data/ps5_sample_construction.csv not found)
file processed_data/ps5_sample_construction.csv saved

. restore

. 
. * 8. Macros for model specification
. local outcome "ln_wage"

. local covariates_demo "c.AGEP i.SEX i.RAC1P i.HISP i.MAR"

. local covariates_humancap "c.SCHL c.PINCP c.POVPIP"

. local covariates_labor "c.WKHP i.ESR i.COW"

. local covariates_occ "i.NAICSP_id i.SOCP_id"

. local model_covariates "`covariates_demo' `covariates_humancap' `covariates_labo
> r' `covariates_occ'"

. 
. display as txt "Outcome macro: `outcome'"
Outcome macro: ln_wage

. display as txt "Model covariates macro: `model_covariates'"
Model covariates macro: c.AGEP i.SEX i.RAC1P i.HISP i.MAR c.SCHL c.PINCP c.POVPIP 
> c.WKHP i.ESR i.COW i.NAICSP_id i.SOCP_id

. 
. * 9. Means and SDs
. local qa_vars "AGEP WAGP WKHP SCHL PINCP POVPIP"

. 
. foreach v of local qa_vars {
  2.     quietly summarize `v'
  3.     display as txt "`v': N=" %8.0f r(N) " mean=" %10.3f r(mean) " sd=" %10.3f
>  r(sd)
  4. }
AGEP: N=    2029 mean=    45.483 sd=    11.391
WAGP: N=    2029 mean= 80576.792 sd= 77003.823
WKHP: N=    2029 mean=    43.494 sd=     7.439
SCHL: N=    2029 mean=    19.553 sd=     2.807
PINCP: N=    2029 mean= 85913.146 sd= 87500.649
POVPIP: N=    2029 mean=   411.000 sd=   117.141

. 
. * 10. Hours cutoffs
. forvalues cutoff = 35/40 {
  2. quietly count if WKHP >= `cutoff'
  3. display as txt "Observations with WKHP >= `cutoff': " %8.0f r(N)
  4. }
Observations with WKHP >= 35:     2029
Observations with WKHP >= 36:     1956
Observations with WKHP >= 37:     1915
Observations with WKHP >= 38:     1892
Observations with WKHP >= 39:     1849
Observations with WKHP >= 40:     1846

. 
. * 11. Doing the regressions
. reg `outcome' `covariates_demo', vce(robust)

Linear regression                               Number of obs     =      2,029
                                                F(20, 2004)       =          .
                                                Prob > F          =          .
                                                R-squared         =     0.0435
                                                Root MSE          =     .71416

------------------------------------------------------------------------------
             |               Robust
     ln_wage | Coefficient  std. err.      t    P>|t|     [95% conf. interval]
-------------+----------------------------------------------------------------
        AGEP |   .0007936   .0014597     0.54   0.587    -.0020691    .0036563
       2.SEX |  -.1549972    .032351    -4.79   0.000    -.2184422   -.0915522
             |
       RAC1P |
          2  |  -.0847684   .2326505    -0.36   0.716    -.5410306    .3714938
          3  |   .2166647   .1659287     1.31   0.192    -.1087462    .5420755
          6  |  -.0183941    .135513    -0.14   0.892    -.2841553    .2473671
          8  |  -.0494594   .1220854    -0.41   0.685     -.288887    .1899681
          9  |  -.0151881    .062898    -0.24   0.809    -.1385404    .1081643
             |
        HISP |
          2  |  -.0908961   .1041166    -0.87   0.383    -.2950843    .1132921
          3  |   .0214324   .1799766     0.12   0.905    -.3315283    .3743932
          4  |  -.3035528   .1768828    -1.72   0.086    -.6504462    .0433406
          5  |   .1781449   .0945157     1.88   0.060    -.0072144    .3635042
          6  |   .0499813   .0373884     1.34   0.181    -.0233428    .1233054
          9  |   .8717506   .5603077     1.56   0.120    -.2270959    1.970597
         11  |  -.1438419   .1480342    -0.97   0.331    -.4341589    .1464752
         13  |   2.100049   .0637238    32.96   0.000     1.975077    2.225021
         14  |   .3689579    .139581     2.64   0.008     .0952189     .642697
         16  |  -.0705329    .431072    -0.16   0.870    -.9159291    .7748633
         19  |  -.1958188   .0297468    -6.58   0.000    -.2541566   -.1374809
         23  |   .2879575   .1171065     2.46   0.014     .0582942    .5176207
         24  |   -.049723   .3192816    -0.16   0.876    -.6758816    .5764356
             |
         MAR |
          2  |  -.1227121   .1346797    -0.91   0.362     -.386839    .1414149
          3  |  -.1297981   .0476173    -2.73   0.006    -.2231828   -.0364135
          4  |  -.1180204   .1266781    -0.93   0.352    -.3664551    .1304142
          5  |  -.2675691   .0390778    -6.85   0.000    -.3442065   -.1909317
             |
       _cons |   11.16856   .0701095   159.30   0.000     11.03106    11.30605
------------------------------------------------------------------------------

. estimates store m1

. 
. reg `outcome' `covariates_demo' `covariates_humancap', vce(robust)

Linear regression                               Number of obs     =      2,029
                                                F(23, 2001)       =          .
                                                Prob > F          =          .
                                                R-squared         =     0.6173
                                                Root MSE          =     .45204

------------------------------------------------------------------------------
             |               Robust
     ln_wage | Coefficient  std. err.      t    P>|t|     [95% conf. interval]
-------------+----------------------------------------------------------------
        AGEP |  -.0040828   .0009637    -4.24   0.000    -.0059729   -.0021928
       2.SEX |  -.0766023   .0195982    -3.91   0.000    -.1150373   -.0381673
             |
       RAC1P |
          2  |   .0998161   .0991572     1.01   0.314    -.0946461    .2942783
          3  |   .1935118   .1209532     1.60   0.110    -.0436956    .4307192
          6  |  -.0383422   .0535782    -0.72   0.474    -.1434171    .0667326
          8  |   .0609733   .0662634     0.92   0.358    -.0689791    .1909257
          9  |   .0640105   .0393286     1.63   0.104    -.0131188    .1411398
             |
        HISP |
          2  |   .0555914   .1573081     0.35   0.724    -.2529135    .3640962
          3  |   .0094223   .1331993     0.07   0.944    -.2518016    .2706462
          4  |  -.2033722   .1435053    -1.42   0.157    -.4848077    .0780632
          5  |  -.0263652   .1181067    -0.22   0.823    -.2579901    .2052597
          6  |   .1289092   .0250242     5.15   0.000     .0798329    .1779855
          9  |    .026885   .1339018     0.20   0.841    -.2357165    .2894866
         11  |   .5201666    .152604     3.41   0.001     .2208872    .8194461
         13  |  -.4298663   .1495064    -2.88   0.004    -.7230709   -.1366618
         14  |   .1230553   .0619416     1.99   0.047     .0015785    .2445321
         16  |  -.2806317   .2705579    -1.04   0.300    -.8112363     .249973
         19  |   .5859846   .0464985    12.60   0.000      .494794    .6771751
         23  |   .0057788   .0733323     0.08   0.937    -.1380369    .1495945
         24  |  -.0009512   .2060484    -0.00   0.996    -.4050431    .4031407
             |
         MAR |
          2  |   .1566122   .0710002     2.21   0.028     .0173702    .2958542
          3  |   .1176082    .032525     3.62   0.000     .0538219    .1813946
          4  |   .2143803   .0515392     4.16   0.000     .1133041    .3154565
          5  |   .0096184   .0263016     0.37   0.715    -.0419629    .0611997
             |
        SCHL |   .0205474   .0051283     4.01   0.000     .0104901    .0306046
       PINCP |   4.48e-06   2.97e-07    15.06   0.000     3.90e-06    5.06e-06
      POVPIP |   .0024187    .000153    15.81   0.000     .0021186    .0027188
       _cons |   9.462943   .1317453    71.83   0.000     9.204571    9.721315
------------------------------------------------------------------------------

. estimates store m2

. 
. reg `outcome' `model_covariates', vce(robust)
note: 138.SOCP_id omitted because of collinearity.
note: 140.SOCP_id omitted because of collinearity.
note: 147.SOCP_id omitted because of collinearity.
note: 162.SOCP_id omitted because of collinearity.
note: 225.SOCP_id omitted because of collinearity.
note: 303.SOCP_id omitted because of collinearity.
note: 380.SOCP_id omitted because of collinearity.
note: 389.SOCP_id omitted because of collinearity.

Linear regression                               Number of obs     =      2,029
                                                F(410, 1470)      =          .
                                                Prob > F          =          .
                                                R-squared         =     0.7620
                                                Root MSE          =     .41595

------------------------------------------------------------------------------
             |               Robust
     ln_wage | Coefficient  std. err.      t    P>|t|     [95% conf. interval]
-------------+----------------------------------------------------------------
        AGEP |  -.0024099    .001084    -2.22   0.026    -.0045362   -.0002835
       2.SEX |  -.0480094   .0284289    -1.69   0.091     -.103775    .0077561
             |
       RAC1P |
          2  |   .1428296    .172633     0.83   0.408    -.1958038     .481463
          3  |   .1528085   .2147229     0.71   0.477    -.2683875    .5740045
          6  |   .0316714   .0757425     0.42   0.676    -.1169035    .1802462
          8  |  -.0052993   .0810044    -0.07   0.948    -.1641959    .1535973
          9  |    .060176   .0449123     1.34   0.180     -.027923    .1482751
             |
        HISP |
          2  |   .1172606   .1284859     0.91   0.362    -.1347747    .3692959
          3  |   .0404679    .148999     0.27   0.786    -.2518054    .3327412
          4  |  -.2106324    .114336    -1.84   0.066    -.4349115    .0136468
          5  |   .0514714   .0714039     0.72   0.471    -.0885929    .1915357
          6  |   .0283948   .1496412     0.19   0.850    -.2651383    .3219279
          9  |  -.1240686   .2737779    -0.45   0.650    -.6611056    .4129684
         11  |   .4968719   .1234704     4.02   0.000      .254675    .7390688
         13  |   -.366378   .2206021    -1.66   0.097    -.7991065    .0663506
         14  |   .0869903   .1314554     0.66   0.508    -.1708699    .3448506
         16  |  -.1024386   .2196838    -0.47   0.641    -.5333658    .3284886
         19  |    .514504   .1682174     3.06   0.002     .1845323    .8444757
         23  |   .0317183   .0861468     0.37   0.713    -.1372655    .2007021
         24  |  -.0621416   .2317306    -0.27   0.789    -.5166995    .3924164
             |
         MAR |
          2  |   .1059925   .0981705     1.08   0.280    -.0865768    .2985618
          3  |   .0708782   .0337807     2.10   0.036     .0046146    .1371418
          4  |   .1428312   .0804761     1.77   0.076     -.015029    .3006915
          5  |   .0190283   .0326676     0.58   0.560    -.0450518    .0831084
             |
        SCHL |   .0084976     .00766     1.11   0.267     -.006528    .0235233
       PINCP |   4.43e-06   2.97e-07    14.93   0.000     3.85e-06    5.01e-06
      POVPIP |   .0018966   .0001647    11.52   0.000     .0015736    .0022196
        WKHP |   .0047382   .0019888     2.38   0.017      .000837    .0086394
       2.ESR |  -.0325677   .1362985    -0.24   0.811    -.2999279    .2347926
             |
         COW |
          2  |   .0397211   .0373236     1.06   0.287    -.0334921    .1129344
          3  |   .0237087   .0581806     0.41   0.684    -.0904171    .1378345
          4  |   .0464865   .0616293     0.75   0.451    -.0744042    .1673773
          5  |   .1112776   .1308542     0.85   0.395    -.1454033    .3679585
          6  |  -.9188368   .4121765    -2.23   0.026    -1.727354   -.1103201
          7  |  -.3378239   .1051769    -3.21   0.001    -.5441367   -.1315112
          8  |  -1.007688   .2720435    -3.70   0.000    -1.541322   -.4740529
             |
   NAICSP_id |
        112  |   .3895861   .1376073     2.83   0.005     .1196586    .6595136
       1133  |   .1442356   .1248768     1.16   0.248    -.1007202    .3891914
       113M  |   .2450153   .2137453     1.15   0.252    -.1742629    .6642936
        115  |   .4014785   .2563638     1.57   0.118    -.1013993    .9043563
       2123  |   .5845114   .2241202     2.61   0.009     .1448819    1.024141
      2211P  |   .2829941   .1875489     1.51   0.132    -.0848979    .6508861
      2212P  |   .3861694   .1868104     2.07   0.039     .0197259    .7526128
      22132  |   .3287957   .2075057     1.58   0.113     -.078243    .7358345
      2213M  |   .0309915   .2609769     0.12   0.905    -.4809353    .5429183
         23  |   .2194365   .2110249     1.04   0.299    -.1945055    .6333784
       3113  |   .0724828   .2303996     0.31   0.753    -.3794643    .5244298
       3114  |   .1096658   .2673662     0.41   0.682    -.4147941    .6341257
       3115  |   .3633238   .1846399     1.97   0.049     .0011381    .7255096
       3116  |   .2174704    .228431     0.95   0.341     -.230615    .6655559
     311811  |   .1847725   .3187761     0.58   0.562    -.4405319     .810077
      3118Z  |  -.0594946   .2200721    -0.27   0.787    -.4911835    .3721942
      311M1  |   .2529124   .1688108     1.50   0.134    -.0782235    .5840482
      311M2  |   .2013811   .3789748     0.53   0.595    -.5420079    .9447701
       311S  |   .3655216    .191139     1.91   0.056    -.0094128    .7404559
       3121  |   .2202542   .1905582     1.16   0.248    -.1535408    .5940493
       315M  |   .2855302   .2104763     1.36   0.175    -.1273358    .6983962
        31M  |   -.077125   .2061495    -0.37   0.708    -.4815036    .3272535
       3211  |   .1608077   .2653369     0.61   0.545    -.3596715    .6812869
       3212  |   .4006674   .1945441     2.06   0.040     .0190537    .7822811
     32199M  |   .2075982   .1950308     1.06   0.287    -.1749701    .5901666
     3219ZM  |    .065981   .2295274     0.29   0.774    -.3842552    .5162171
       3221  |   .4605065   .1930539     2.39   0.017      .081816    .8391971
       3231  |   .2303833   .1886243     1.22   0.222    -.1396181    .6003847
       3252  |  -.0801105   .2053919    -0.39   0.697     -.483003    .3227819
       3253  |   .4261488   .2216064     1.92   0.055    -.0085497    .8608473
       3254  |   .1751029   .1901405     0.92   0.357    -.1978727    .5480786
       3256  |    .285542   .2980687     0.96   0.338    -.2991434    .8702274
       325M  |  -1.451749   .2206442    -6.58   0.000     -1.88456   -1.018938
       3261  |  -.1484726   .2460148    -0.60   0.546      -.63105    .3341048
      3262M  |    .339971   .2058062     1.65   0.099    -.0637341    .7436761
      32711  |   .2586356    .214785     1.20   0.229    -.1626822    .6799534
      32712  |   .4083224   .2140858     1.91   0.057    -.0116239    .8282687
       3272  |   .1065053   .2445332     0.44   0.663    -.3731659    .5861765
       3279  |   .3223089   .2168768     1.49   0.137     -.103112    .7477299
       3313  |   -1.59499   .3117853    -5.12   0.000    -2.206581   -.9833981
       3314  |   .1202727    .182339     0.66   0.510    -.2373996    .4779451
       3315  |   .3570103   .1931558     1.85   0.065    -.0218801    .7359006
       3321  |   .5285581   .2063668     2.56   0.011     .1237533    .9333629
       3322  |   .3142804   .2061739     1.52   0.128    -.0901461    .7187068
       3327  |   .4469255   .1918003     2.33   0.020     .0706941     .823157
       332M  |   -.352067   .2644024    -1.33   0.183    -.8707133    .1665792
      332MZ  |  -.1638863   .3998766    -0.41   0.682    -.9482758    .6205032
       3333  |   .5076131   .2214633     2.29   0.022     .0731953    .9420309
       3335  |   .4493666   .2405414     1.87   0.062    -.0224745    .9212076
      333MS  |   .2704722   .1943413     1.39   0.164    -.1107436     .651688
       3341  |    .019944   .2163012     0.09   0.927     -.404348    .4442359
       3345  |    .110205    .248973     0.44   0.658    -.3781753    .5985853
      334M2  |   .2330885   .1928928     1.21   0.227    -.1452859    .6114629
       3352  |  -.3041255   .2369176    -1.28   0.199     -.768858    .1606071
       335M  |   .2589767    .210246     1.23   0.218    -.1534375    .6713909
    33641M1  |   .4353487   .1782775     2.44   0.015     .0856433    .7850541
       336M  |     .44716   .1893769     2.36   0.018     .0756823    .8186377
        337  |   .0609958   .2732221     0.22   0.823    -.4749509    .5969425
       3391  |   .2681984   .2045502     1.31   0.190     -.133043    .6694399
      3399M  |      .4995   .3668881     1.36   0.174      -.22018     1.21918
     3399ZM  |   .1294072   .1942815     0.67   0.505    -.2516913    .5105058
        3MS  |  -.0039359   .2489257    -0.02   0.987    -.4922234    .4843515
       4231  |   .1321058   .2044723     0.65   0.518    -.2689828    .5331943
       4234  |   .5029961   .2284325     2.20   0.028     .0549077    .9510844
       4236  |   .1387321   .1955151     0.71   0.478    -.2447861    .5222504
       4237  |   .4837715   .2387128     2.03   0.043     .0155174    .9520256
       4238  |   .3417191    .233005     1.47   0.143    -.1153387    .7987769
      42393  |   .0683672   .1883844     0.36   0.717    -.3011636    .4378981
      4239Z  |   .3535757   .2354536     1.50   0.133     -.108285    .8154365
       4243  |   .0207777   .1987484     0.10   0.917     -.369083    .4106384
       4244  |   .2747297   .1837026     1.50   0.135    -.0856175     .635077
       4245  |   .5180586   .1966212     2.63   0.009     .1323706    .9037466
       4247  |    .359271    .189519     1.90   0.058    -.0124855    .7310275
      4249Z  |  -.2075309    .195454    -1.06   0.289    -.5909294    .1758675
       424M  |   .0995024   .2555359     0.39   0.697    -.4017515    .6007563
        42S  |   .5116217   .3260653     1.57   0.117    -.1279812    1.151225
       4411  |  -.1749326   .2964079    -0.59   0.555    -.7563601     .406495
       4412  |   .2962807   .2578618     1.15   0.251    -.2095357     .802097
       4413  |  -.3140625   .2781218    -1.13   0.259    -.8596203    .2314953
      44414  |   .1956513   .1906277     1.03   0.305      -.17828    .5695827
      4441Z  |   .2280301   .1747679     1.30   0.192    -.1147909    .5708512
       4442  |    .037308   .2325151     0.16   0.873    -.4187888    .4934048
      44511  |   .0090209   .1847727     0.05   0.961    -.3534254    .3714672
      44513  |    .118461   .2610453     0.45   0.650       -.3936     .630522
       4452  |   .1402291   .1908631     0.73   0.463     -.234164    .5146222
       4453  |   .1641436   .1813878     0.90   0.366     -.191663    .5199502
       4491  |   .3877322   .1729279     2.24   0.025     .0485204     .726944
       4492  |   .0806663   .2254505     0.36   0.721    -.3615726    .5229052
       4551  |   .2179315   .2036764     1.07   0.285    -.1815958    .6174588
       4552  |   .1228202   .1897103     0.65   0.517    -.2493117     .494952
      45611  |   .1161522   .2008048     0.58   0.563    -.2777422    .5100467
      4561Z  |  -.0482249   .2438668    -0.20   0.843    -.5265889    .4301391
       4571  |    -.46657   .2280534    -2.05   0.041    -.9139149   -.0192252
       4572  |   .0450332   .1970111     0.23   0.819    -.3414195     .431486
       4581  |  -.6069566   .5296283    -1.15   0.252    -1.645864    .4319513
      4591M  |   .0725714   .1820676     0.40   0.690    -.2845685    .4297114
      45921  |  -.0523063   .1857651    -0.28   0.778    -.4166993    .3120867
      45942  |  -.0653085   .2381673    -0.27   0.784    -.5324925    .4018754
       4595  |   .0082155   .2128271     0.04   0.969    -.4092618    .4256927
       4599  |    .127092   .1823898     0.70   0.486      -.23068     .484864
        481  |   .6944271   .2254465     3.08   0.002      .252196    1.136658
        482  |   .5791945   .2663571     2.17   0.030     .0567141    1.101675
        483  |    .240007   .2275932     1.05   0.292     -.206435    .6864489
        484  |   .3242603    .169771     1.91   0.056    -.0087589    .6572795
       485M  |   .2321842    .185346     1.25   0.211    -.1313866     .595755
        486  |   .6331432    .180507     3.51   0.000     .2790643     .987222
        488  |   .2649179   .2283342     1.16   0.246    -.1829777    .7128134
        491  |    .273363   .2397406     1.14   0.254    -.1969072    .7436331
        492  |   .3876779   .2569479     1.51   0.132    -.1163457    .8917016
        493  |   .6000784   .2506811     2.39   0.017     .1083477    1.091809
        4MS  |  -.7702476   .4028862    -1.91   0.056    -1.560541    .0200455
       5121  |   .4160909   .2185837     1.90   0.057    -.0126783    .8448601
      51311  |   .2817335   .2227951     1.26   0.206    -.1552967    .7187636
      5131Z  |   .5622599   .2206848     2.55   0.011     .1293691    .9951506
       5132  |   .1827566   .2233791     0.82   0.413    -.2554192    .6209324
        516  |   .1086374   .2672514     0.41   0.684    -.4155974    .6328722
     517111  |   .3655347   .2273606     1.61   0.108    -.0804511    .8115205
       517Z  |   .2304304   .2421693     0.95   0.341    -.2446039    .7054647
       5182  |   .3785839   .2036715     1.86   0.063    -.0209339    .7781017
      51921  |   .3634974   .2025176     1.79   0.073    -.0337569    .7607517
      5221M  |  -.0793085   .2790849    -0.28   0.776    -.6267556    .4681387
       522M  |   .4398511   .2893715     1.52   0.129    -.1277739    1.007476
       5241  |   .2945936   .1883332     1.56   0.118    -.0748369     .664024
       5242  |  -.0046918   .2219135    -0.02   0.983    -.4399928    .4306092
       52M2  |   .0166535   .2854828     0.06   0.953    -.5433436    .5766506
       52M3  |   .2173786   .1998708     1.09   0.277    -.1746838     .609441
       5313  |   .1288333   .1792413     0.72   0.472    -.2227627    .4804293
       531M  |   .2695987   .1854238     1.45   0.146    -.0941247    .6333221
        53M  |  -.4871644   .2223117    -2.19   0.029    -.9232465   -.0510823
       5411  |    .187687   .2081475     0.90   0.367    -.2206109    .5959849
       5412  |   .0411719   .3804298     0.11   0.914    -.7050712    .7874151
       5413  |   .2138458   .1971828     1.08   0.278    -.1729438    .6006354
       5414  |   .8861106   .2613103     3.39   0.001     .3735297    1.398692
       5415  |   .3381405   .1752711     1.93   0.054    -.0056677    .6819487
       5416  |   .2713572   .1914211     1.42   0.157    -.1041305    .6468449
       5417  |  -.1029982   .4692134    -0.22   0.826    -1.023397     .817401
       5418  |   .1667888   .2751843     0.61   0.545    -.3730069    .7065846
      54194  |   .1491442   .2708268     0.55   0.582    -.3821041    .6803924
      5419Z  |   .3985108   .2383129     1.67   0.095    -.0689587    .8659803
         55  |   .3619892   .1791374     2.02   0.043     .0105971    .7133814
       5613  |   .2967311   .2898056     1.02   0.306    -.2717455    .8652078
       5614  |   .0798146   .2247795     0.36   0.723    -.3611083    .5207374
       5615  |    .182703   .2147396     0.85   0.395    -.2385258    .6039317
       5616  |   .0114256   .1848512     0.06   0.951    -.3511746    .3740259
      56173  |  -.0224339   .4832407    -0.05   0.963    -.9703488     .925481
      5617Z  |   .3509376   .2062385     1.70   0.089    -.0536155    .7554907
       561M  |   .0898138   .2469392     0.36   0.716     -.394577    .5742047
        562  |   .2904131   .1791385     1.62   0.105    -.0609811    .6418074
       6111  |   .0945379   .1894909     0.50   0.618    -.2771635    .4662392
      611M1  |    .193421   .1826745     1.06   0.290    -.1649094    .5517515
      611M2  |  -.6245624   .6159055    -1.01   0.311     -1.83271     .583585
      611M3  |   .2431115   .1846246     1.32   0.188    -.1190442    .6052673
       6211  |   .2266324   .2166117     1.05   0.296    -.1982684    .6515333
       6212  |   .6639823   .2864249     2.32   0.021     .1021372    1.225827
      62132  |   .2127612   .1877842     1.13   0.257    -.1555924    .5811148
     6213ZM  |   .3159736   .2672335     1.18   0.237    -.2082262    .8401733
       6214  |     .23385    .193355     1.21   0.227    -.1454312    .6131312
       6216  |   .4193146   .3005993     1.39   0.163    -.1703348    1.008964
       621M  |   .2761222   .1930723     1.43   0.153    -.1026045    .6548488
       6222  |  -.0227553   .2534743    -0.09   0.928    -.5199651    .4744546
       622M  |   .2109431   .1847047     1.14   0.254    -.1513698     .573256
       6231  |   .2590217   .2123767     1.22   0.223    -.1575719    .6756154
       623M  |   .2451753   .2706881     0.91   0.365    -.2858008    .7761513
       6241  |   .2797798   .2199059     1.27   0.203     -.151583    .7111427
       6242  |    .248568   .2024841     1.23   0.220    -.1486207    .6457566
       6243  |    .204544    .209973     0.97   0.330    -.2073346    .6164227
       6244  |    -.03165   .2116503    -0.15   0.881    -.4468188    .3835187
       7111  |  -.3344257   .6684266    -0.50   0.617    -1.645597    .9767459
       7115  |  -.7118247   .6199907    -1.15   0.251    -1.927986    .5043362
       711M  |  -.3627186   .5305515    -0.68   0.494    -1.403437    .6780002
        712  |   .0722854   .2003414     0.36   0.718    -.3207001    .4652709
       713Z  |   .2407432   .1782305     1.35   0.177    -.1088701    .5903564
       7211  |   .3034741   .1856044     1.64   0.102    -.0606037    .6675518
       721M  |   .4406258   .2136467     2.06   0.039     .0215409    .8597107
       722Z  |   .2378577   .2243041     1.06   0.289    -.2021326     .677848
     811192  |   1.034134   .3391709     3.05   0.002     .3688237    1.699445
      8111Z  |   .0640507   .1900841     0.34   0.736    -.3088144    .4369157
       8112  |   .3665239   .1894057     1.94   0.053    -.0050103    .7380581
       8113  |   .6267247   .2309869     2.71   0.007     .1736256    1.079824
       8114  |   .8506012    .492206     1.73   0.084    -.1148997    1.816102
     812112  |   .4570449   .3250775     1.41   0.160    -.1806203     1.09471
      8121M  |   .1284394   .2366769     0.54   0.587    -.3358211    .5926999
       8122  |  -.0451209   .1807369    -0.25   0.803    -.3996506    .3094087
       8129  |     1.2067   .3365573     3.59   0.000     .5465165    1.866884
       8131  |   .3146776   .1971532     1.60   0.111     -.072054    .7014093
      8139Z  |   -.144948   .1942561    -0.75   0.456    -.5259967    .2361008
       813M  |   .1398005   .1939753     0.72   0.471    -.2406973    .5202984
        814  |  -.9049169   .3963926    -2.28   0.023    -1.682472   -.1273614
      92113  |  -.1219771   .1980493    -0.62   0.538    -.5104664    .2665123
      92119  |   .3028025   .2272707     1.33   0.183    -.1430069    .7486119
     9211MP  |   .1484397   .2106212     0.70   0.481    -.2647104    .5615897
        923  |   .2856304   .1898948     1.50   0.133    -.0868632     .658124
      9281P  |  -.0099855   .2401738    -0.04   0.967    -.4811055    .4611344
       92M1  |   .1448169   .2056729     0.70   0.481    -.2586269    .5482606
       92M2  |  -.0168442   .2570814    -0.07   0.948    -.5211297    .4874414
       92MP  |   .1184563   .1982218     0.60   0.550    -.2703714    .5072839
             |
     SOCP_id |
     1110XX  |    .307712   .1565624     1.97   0.050     .0006025    .6148216
     112011  |   .0731883   .2590613     0.28   0.778     -.434981    .5813576
     112021  |   .3510144   .1819323     1.93   0.054    -.0058602    .7078889
     112022  |   .3954809    .165948     2.38   0.017     .0699607     .721001
     112030  |   .1203121   .1611433     0.75   0.455    -.1957831    .4364073
     113012  |   .3670388   .1890617     1.94   0.052    -.0038207    .7378983
     113013  |    .155645   .1847003     0.84   0.400    -.2066591    .5179492
     113021  |   .2693688   .1605936     1.68   0.094    -.0456484    .5843859
     113031  |   .1833791    .155238     1.18   0.238    -.1211326    .4878907
     113051  |   .0856069   .1588878     0.54   0.590    -.2260641     .397278
     113061  |   .1234961   .2165532     0.57   0.569    -.3012902    .5482823
     113071  |   .0369521   .1721894     0.21   0.830    -.3008111    .3747153
     113121  |   .3397043   .1920959     1.77   0.077     -.037107    .7165156
     119013  |   .2260404   .2279877     0.99   0.322    -.2211755    .6732563
     119021  |   .0520921   .2485567     0.21   0.834    -.4354715    .5396557
     119030  |   .2366808   .1652393     1.43   0.152    -.0874492    .5608108
     119041  |   .0358742   .1837125     0.20   0.845    -.3244924    .3962408
     119051  |  -.1492853   .2734465    -0.55   0.585    -.6856723    .3871017
     119070  |   .3809515   .2007041     1.90   0.058    -.0127456    .7746485
     119081  |   .0744741   .1729014     0.43   0.667    -.2646857    .4136339
     119111  |   .1565779   .1885043     0.83   0.406    -.2131882     .526344
     119141  |   .1244928   .1850526     0.67   0.501    -.2385026    .4874882
     119151  |   .1695521   .1587914     1.07   0.286    -.1419298    .4810339
     119161  |   .0505766   .1521434     0.33   0.740    -.2478646    .3490179
     1191XX  |   .0778808   .1495648     0.52   0.603    -.2155024    .3712641
     131022  |   .3975193   .2116653     1.88   0.061    -.0176789    .8127174
     131023  |   .0870684   .1821502     0.48   0.633    -.2702336    .4443704
     131030  |   .0806247   .1636473     0.49   0.622    -.2403824    .4016317
     131041  |   .1510206   .2138193     0.71   0.480    -.2684028     .570444
     131051  |   .1665181   .2345871     0.71   0.478    -.2936431    .6266792
     131070  |   .0714228   .1732708     0.41   0.680    -.2684615    .4113072
     131081  |  -.0462693   .2438471    -0.19   0.850    -.5245946     .432056
     131082  |   .1318327   .1556504     0.85   0.397    -.1734878    .4371533
     131111  |   .1348454   .3313392     0.41   0.684    -.5151026    .7847935
     131131  |   .4422874   .1563085     2.83   0.005     .1356758     .748899
     131141  |   .2270519   .1724866     1.32   0.188    -.1112941     .565398
     131151  |    .126317   .1617066     0.78   0.435    -.1908832    .4435172
     131161  |   .2452534   .1502138     1.63   0.103    -.0494028    .5399096
     131199  |   .1515984   .1635915     0.93   0.354    -.1692992    .4724961
     132011  |   .4109539   .2209608     1.86   0.063    -.0224781     .844386
     132051  |   .2072364   .1637092     1.27   0.206    -.1138921     .528365
     132052  |   .5020872   .2403991     2.09   0.037     .0305253     .973649
     132070  |  -.5070306   .4529159    -1.12   0.263    -1.395461    .3813998
     132081  |   .5708797   .1998066     2.86   0.004     .1789433    .9628161
     132082  |   .8638598   .3676646     2.35   0.019     .1426566    1.585063
     151211  |   .2161137   .1455145     1.49   0.138    -.0693245    .5015519
     151212  |   .0659796    .158624     0.42   0.678    -.2451738    .3771331
     151230  |   .0935822    .196313     0.48   0.634    -.2915012    .4786656
     151241  |   .2009114   .2024862     0.99   0.321    -.1962813    .5981041
     151244  |   .1619916   .1725103     0.94   0.348     -.176401    .5003842
     15124X  |  -.0514717   .1757976    -0.29   0.770    -.3963126    .2933691
     151251  |   .3102232   .2238806     1.39   0.166    -.1289362    .7493826
     151252  |   .2128671   .1474771     1.44   0.149     -.076421    .5021551
     151254  |   .8030661   .3572941     2.25   0.025     .1022054    1.503927
     151255  |   .5291437   .2329395     2.27   0.023     .0722145    .9860729
     151299  |   .1641184   .1584914     1.04   0.301    -.1467749    .4750118
     152031  |    .412661   .2001692     2.06   0.039     .0200133    .8053086
     1520XX  |   .1694211   .2179831     0.78   0.437      -.25817    .5970122
     171011  |   .1740913   .1839587     0.95   0.344    -.1867582    .5349408
     171012  |   .3196375   .2459403     1.30   0.194    -.1627938    .8020688
     172011  |   .1125009   .1525886     0.74   0.461    -.1868137    .4118155
     172041  |   .4617861    .198825     2.32   0.020     .0717752     .851797
     172051  |   .1715206   .1865349     0.92   0.358    -.1943824    .5374236
     172070  |   .3713774   .1653901     2.25   0.025     .0469517    .6958032
     172081  |   .2374558   .1651978     1.44   0.151    -.0865927    .5615044
     172110  |   .0908502    .169044     0.54   0.591    -.2407429    .4224434
     172131  |  -.1376157   .1319424    -1.04   0.297    -.3964312    .1211999
     172141  |   .0577398   .2603822     0.22   0.825    -.4530204    .5685001
     1721YY  |   .2128182   .1570336     1.36   0.176    -.0952157    .5208521
     17301X  |  -.0363769   .2582862    -0.14   0.888    -.5430257    .4702718
     173023  |  -.0437662   .1707473    -0.26   0.798    -.3787005     .291168
     17302X  |  -.0198551   .1924651    -0.10   0.918    -.3973906    .3576805
     173031  |   .0452935   .2491573     0.18   0.856    -.4434482    .5340353
     191020  |   .1605397   .1543364     1.04   0.298    -.1422034    .4632828
     191030  |  -.0713919   .2939407    -0.24   0.808    -.6479798     .505196
     1910XX  |   .1806261    .149634     1.21   0.228    -.1128928     .474145
     192010  |   .4152262   .1739618     2.39   0.017     .0739864     .756466
     192030  |   .1839602   .2851379     0.65   0.519    -.3753603    .7432807
     192041  |   .4483691   .3670427     1.22   0.222    -.2716142    1.168352
     192099  |  -.2568205    .564876    -0.45   0.649    -1.364869    .8512285
     193034  |    .054922   .2809027     0.20   0.845    -.4960908    .6059348
     19303X  |   .2791998   .2228163     1.25   0.210     -.157872    .7162715
     193051  |   .1711125   .1824107     0.94   0.348    -.1867006    .5289255
     194010  |   .0554312   .2926536     0.19   0.850     -.518632    .6294943
     1940YY  |  -.3139543   .2737149    -1.15   0.252    -.8508677     .222959
     195010  |   .2863559    .182601     1.57   0.117    -.0718304    .6445422
     211011  |   .0523911      .2004     0.26   0.794    -.3407092    .4454915
     211012  |   .0592364   .1725514     0.34   0.731    -.2792369    .3977096
     211013  |  -.0106752   .2323939    -0.05   0.963    -.4665342    .4451839
     211014  |    -.00086   .2029164    -0.00   0.997    -.3988966    .3971766
     211015  |    .062281   .1832362     0.34   0.734    -.2971513    .4217132
     211019  |  -.0650946   .2337952    -0.28   0.781    -.5237024    .3935132
     211021  |   .0417705   .1822896     0.23   0.819    -.3158049    .3993459
     211022  |   .0588003   .2634221     0.22   0.823    -.4579229    .5755235
     211029  |  -.0466527   .1608919    -0.29   0.772    -.3622548    .2689495
     211092  |   .3610576   .1722774     2.10   0.036      .023122    .6989933
     211093  |   .1121352   .1687592     0.66   0.506    -.2188993    .4431697
     212011  |  -.1483406   .2823431    -0.53   0.599     -.702179    .4054977
     2310XX  |   .0183945    .206855     0.09   0.929    -.3873679     .424157
     232011  |    .005335   .1864786     0.03   0.977    -.3604574    .3711274
     251000  |   .1199004   .1667742     0.72   0.472    -.2072404    .4470412
     252010  |   .1486386   .1932024     0.77   0.442    -.2303431    .5276203
     252020  |   .1292669   .1693562     0.76   0.445    -.2029386    .4614724
     252030  |   .2060412   .1629979     1.26   0.206    -.1136921    .5257746
     252050  |   .1778186   .1772752     1.00   0.316    -.1699207    .5255579
     2530XX  |   .1261639   .1725064     0.73   0.465    -.2122211    .4645489
     254010  |   .2645492    .153891     1.72   0.086    -.0373201    .5664185
     254022  |   .2719811   .1666306     1.63   0.103     -.054878    .5988402
     259040  |  -.2758317   .1930997    -1.43   0.153    -.6546121    .1029487
     2590XX  |  -.1907934   .2134008    -0.89   0.371     -.609396    .2278092
     271010  |   1.700383   .7458821     2.28   0.023     .2372763     3.16349
     271024  |   .0396371    .229986     0.17   0.863    -.4114986    .4907727
     27102X  |   .0690892    .182352     0.38   0.705    -.2886087    .4267872
     272012  |   .1946006   .3869157     0.50   0.615    -.5643651    .9535663
     272022  |  -.1610964   .2077699    -0.78   0.438    -.5686535    .2464607
     272042  |   .6050843   .7098855     0.85   0.394    -.7874123    1.997581
     273023  |          0  (omitted)
     273031  |   .0932322   .1765708     0.53   0.598    -.2531255    .4395898
     273041  |          0  (omitted)
     273042  |   .0110949   .1615993     0.07   0.945    -.3058949    .3280848
     273043  |  -.5903687   .6661077    -0.89   0.376    -1.896992    .7162542
     273091  |   .5575968   .1612904     3.46   0.001     .2412129    .8739807
     273099  |   .2547774   .1582703     1.61   0.108    -.0556823    .5652371
     274021  |  -.8444857    .214416    -3.94   0.000     -1.26508   -.4238918
     274030  |   .7859446   .2507044     3.13   0.002     .2941681    1.277721
     2740XX  |          0  (omitted)
     291020  |  -1.346738   1.518251    -0.89   0.375    -4.324908    1.631432
     291031  |   .2040482   .1487378     1.37   0.170    -.0877127    .4958091
     291051  |   .3075291   .1817061     1.69   0.091    -.0489017    .6639599
     291071  |   .3096745   .1701579     1.82   0.069    -.0241036    .6434526
     291081  |   .2017963   .2398338     0.84   0.400    -.2686567    .6722494
     291122  |  -.0249435   .1523882    -0.16   0.870     -.323865     .273978
     291123  |  -.0643821   .1828161    -0.35   0.725    -.4229905    .2942262
     291126  |   .0951349   .1514317     0.63   0.530    -.2019105    .3921802
     291127  |   .0507063   .2336822     0.22   0.828    -.4076798    .5090923
     29112X  |   .1238573   .1519974     0.81   0.415    -.1742976    .4220122
     291131  |   .3477193   .2540468     1.37   0.171    -.1506135    .8460522
     291141  |   .2267701   .1534006     1.48   0.140    -.0741372    .5276774
     2911XX  |   .0779232   .3043916     0.26   0.798    -.5191651    .6750114
     291210  |  -.0416741    .183441    -0.23   0.820    -.4015081    .3181599
     291240  |          0  (omitted)
     291291  |  -3.334861   .2391803   -13.94   0.000    -3.804032    -2.86569
     291292  |  -.4130209   .2863157    -1.44   0.149    -.9746519      .14861
     291299  |    .446944   .1952776     2.29   0.022     .0638915    .8299966
     292010  |   .2360447    .191294     1.23   0.217    -.1391937     .611283
     292032  |   .1438135   .2125606     0.68   0.499    -.2731409    .5607678
     292034  |   .2664557   .1748869     1.52   0.128    -.0765987    .6095102
     292035  |   .3648377   .1566715     2.33   0.020     .0575143    .6721612
     29203X  |   -1.48822   .3705506    -4.02   0.000    -2.215085   -.7613561
     292042  |   .0270618    .153776     0.18   0.860    -.2745819    .3287056
     292043  |  -.0849528   .1706101    -0.50   0.619    -.4196181    .2497124
     292052  |   .0837211    .249035     0.34   0.737    -.4047807     .572223
     292053  |  -.0169451   .1976445    -0.09   0.932    -.4046403    .3707501
     292056  |   .2582645   .2604891     0.99   0.322    -.2527056    .7692345
     292061  |   .1603152    .176817     0.91   0.365    -.1865253    .5071557
     292072  |   .0558921   .1873276     0.30   0.765    -.3115658      .42335
     292090  |  -.4236083   .1654923    -2.56   0.011    -.7482345   -.0989822
     299000  |   .1497212   .1741055     0.86   0.390    -.1918006    .4912429
     311121  |  -.4410934   .2776353    -1.59   0.112    -.9856969    .1035102
     311122  |  -.3944374   .3564093    -1.11   0.269    -1.093562    .3046876
     311131  |  -.2861252   .1993444    -1.44   0.151    -.6771551    .1049046
     319011  |   .3429402   .3111493     1.10   0.271    -.2674038    .9532842
     319091  |  -.4695224    .297442    -1.58   0.115    -1.052978    .1139337
     319097  |  -.1616839   .3258419    -0.50   0.620    -.8008485    .4774807
     31909X  |   .3478034   .1904391     1.83   0.068     -.025758    .7213647
     331090  |   .1996247   .1743814     1.14   0.252    -.1424383    .5416876
     332011  |   -.361362   .5990715    -0.60   0.546    -1.536488    .8137642
     333012  |   .4277945   .1750151     2.44   0.015     .0844886    .7711004
     333021  |   .2426964    .198163     1.22   0.221     -.146016    .6314089
     333050  |    .352912   .1764295     2.00   0.046     .0068316    .6989924
     3330XX  |   .1285876   .1702609     0.76   0.450    -.2053925    .4625677
     339021  |   .0370329   .2832636     0.13   0.896     -.518611    .5926769
     339030  |   .1865941   .1948033     0.96   0.338    -.1955279    .5687161
     339091  |   .0788916   .1970949     0.40   0.689    -.3077256    .4655088
     33909X  |  -.0021976   .1606311    -0.01   0.989    -.3172882    .3128931
     351011  |     .11311   .1945428     0.58   0.561     -.268501     .494721
     351012  |   .0550893   .2113983     0.26   0.794    -.3595853    .4697639
     352010  |  -.0987684   .1907984    -0.52   0.605    -.4730345    .2754977
     352021  |   -.531881   .2671256    -1.99   0.047    -1.055869    -.007893
     353011  |  -.4787807   .4552728    -1.05   0.293    -1.371834    .4142728
     353023  |   -.623919   .1685128    -3.70   0.000    -.9544701   -.2933679
     353031  |  -.0958274   .2370916    -0.40   0.686    -.5609014    .3692466
     359011  |  -.4180438   .2308073    -1.81   0.070    -.8707906     .034703
     359021  |  -.2543309   .2746558    -0.93   0.355    -.7930899    .2844281
     371011  |  -.1061203   .2158747    -0.49   0.623    -.5295756    .3173351
     371012  |  -.1275771   .2458837    -0.52   0.604    -.6098974    .3547432
     372012  |   -.224477   .1708992    -1.31   0.189    -.5597094    .1107554
     37201X  |  -.0190604   .1610266    -0.12   0.906    -.3349268    .2968059
     372021  |   .4974968    .204567     2.43   0.015     .0962225    .8987711
     373011  |  -.5448502   .5754573    -0.95   0.344    -1.673655    .5839547
     373013  |   .9173954     .68394     1.34   0.180     -.424207    2.258998
     392011  |  -1.486353   .3785282    -3.93   0.000    -2.228866   -.7438403
     392021  |   -.324493   .2868837    -1.13   0.258    -.8872382    .2382521
     3930XX  |   .0375867   .1341769     0.28   0.779    -.2256119    .3007852
     394031  |   .5160932   .1616509     3.19   0.001     .1990022    .8331843
     395012  |          0  (omitted)
     397010  |   .1683381   .3934238     0.43   0.669    -.6033939      .94007
     399011  |   .8884491   .2356047     3.77   0.000     .4262918    1.350606
     399031  |   .1511587   .2003637     0.75   0.451    -.2418705     .544188
     399032  |  -.1302298   .4119427    -0.32   0.752     -.938288    .6778283
     399041  |  -.0955955   .1670922    -0.57   0.567      -.42336     .232169
     399099  |  -.1905582   .1802247    -1.06   0.291    -.5440832    .1629668
     411011  |   .3113729    .163009     1.91   0.056    -.0083821     .631128
     411012  |   .2356321    .153888     1.53   0.126    -.0662314    .5374955
     412010  |  -.0944008   .1788788    -0.53   0.598    -.4452857     .256484
     412022  |   .4878133   .3427447     1.42   0.155    -.1845076    1.160134
     412031  |   .1269832   .2001498     0.63   0.526    -.2656265    .5195929
     413011  |   .3816892    .155216     2.46   0.014     .0772207    .6861577
     413021  |   .4448967   .2308384     1.93   0.054    -.0079112    .8977045
     413031  |   .6156581   .2784676     2.21   0.027      .069422    1.161894
     413041  |   .2209738   .1929057     1.15   0.252     -.157426    .5993735
     413091  |   .1810831   .1953865     0.93   0.354    -.2021828    .5643491
     414010  |  -.0021851   .2979035    -0.01   0.994    -.5865463    .5821762
     419020  |   .4090265   .1853534     2.21   0.027     .0454412    .7726118
     419099  |  -.1087887   .2123695    -0.51   0.609    -.5253681    .3077908
     431011  |   .0945375   .1551161     0.61   0.542     -.209735    .3988101
     433011  |  -.1722545    .189413    -0.91   0.363    -.5438032    .1992941
     433021  |   .0637216   .2580406     0.25   0.805    -.4424455    .5698887
     433031  |  -.1154322   .2342488    -0.49   0.622    -.5749298    .3440653
     433071  |   .1043595   .2985324     0.35   0.727    -.4812355    .6899544
     4330XX  |   .1391395   .1625019     0.86   0.392    -.1796209    .4578998
     434031  |   .0969972   .1917516     0.51   0.613    -.2791387     .473133
     434041  |   .0451245   .1801068     0.25   0.802    -.3081693    .3984183
     434051  |  -.0361447   .2175496    -0.17   0.868    -.4628855    .3905961
     434061  |    .035372   .1497517     0.24   0.813    -.2583777    .3291217
     434071  |   .0750317   .2368339     0.32   0.751    -.3895367       .5396
     434111  |   .1094987   .1852874     0.59   0.555    -.2539572    .4729546
     434131  |  -1.118335   .1752043    -6.38   0.000    -1.462012   -.7746579
     434161  |   .1760137   .1491461     1.18   0.238    -.1165481    .4685756
     434171  |  -.1924732   .3447323    -0.56   0.577    -.8686928    .4837464
     434181  |   -.278524   .2162209    -1.29   0.198    -.7026585    .1456104
     434XXX  |  -.5848865   .3098124    -1.89   0.059    -1.192608    .0228351
     435021  |   .1250907   .2513581     0.50   0.619    -.3679681    .6181495
     435031  |   .2292823   .1731601     1.32   0.186     -.110385    .5689496
     435032  |  -.2741534   .2530802    -1.08   0.279    -.7705903    .2222834
     435041  |   .2898735   .2407286     1.20   0.229    -.1823346    .7620817
     435051  |  -.0110783   .1793985    -0.06   0.951    -.3629828    .3408261
     435052  |  -.0880784   .1824469    -0.48   0.629    -.4459623    .2698055
     435053  |   -.075022   .1907142    -0.39   0.694     -.449123     .299079
     435061  |   .1938973    .171559     1.13   0.259    -.1426292    .5304238
     435071  |    .050886   .2724903     0.19   0.852    -.4836252    .5853972
     435111  |   .1730503   .1906939     0.91   0.364    -.2010109    .5471114
     436011  |   .1856371   .1585567     1.17   0.242    -.1253844    .4966587
     436013  |  -.1490539   .1528323    -0.98   0.330    -.4488464    .1507387
     436014  |   .0466349   .1620548     0.29   0.774    -.2712483    .3645182
     439021  |  -.0329486   .1773689    -0.19   0.853    -.3808717    .3149745
     439051  |  -.9430554   .1885263    -5.00   0.000    -1.312865   -.5732462
     439061  |   .2291562   .2034187     1.13   0.260    -.1698657     .628178
     439111  |   .1219464   .4674136     0.26   0.794    -.7949224    1.038815
     439XXX  |  -.2355405   .2388738    -0.99   0.324    -.7041104    .2330294
     451011  |   .1920913   .2287218     0.84   0.401    -.2565646    .6407473
     4520XX  |   -.122237   .2452126    -0.50   0.618    -.6032408    .3587669
     471011  |   .1452797   .2173236     0.67   0.504    -.2810178    .5715772
     472031  |    .210688   .2216071     0.95   0.342    -.2240118    .6453878
     472040  |   .2536895   .2671537     0.95   0.342    -.2703536    .7777327
     472061  |  -.1229679   .2488277    -0.49   0.621    -.6110632    .3651273
     472070  |   .0758655   .2494339     0.30   0.761    -.4134187    .5651498
     472080  |          0  (omitted)
     472111  |   .3059394     .27817     1.10   0.272    -.2397132    .8515919
     472130  |   .4343841   .3431885     1.27   0.206    -.2388073    1.107575
     472140  |   .3410885   .2307493     1.48   0.140    -.1115445    .7937215
     472152  |   .1431838   .2376173     0.60   0.547    -.3229213    .6092889
     472181  |    .468377    .210344     2.23   0.026     .0557707    .8809833
     472211  |    -.04778   .1994308    -0.24   0.811    -.4389793    .3434193
     472231  |   .8427728   .2290173     3.68   0.000     .3935373    1.292008
     472XXX  |   .1262622    .190533     0.66   0.508    -.2474833    .5000078
     474011  |   .2815045    .165151     1.70   0.088    -.0424523    .6054613
     474041  |   .0998681   .2204726     0.45   0.651    -.3326063    .5323425
     474051  |   .1912162   .2026944     0.94   0.346    -.2063848    .5888172
     4740XX  |   .0396457    .160451     0.25   0.805    -.2750915     .354383
     475020  |   .3420219   .2809188     1.22   0.224    -.2090225    .8930663
     475040  |  -.2251002   .0891562    -2.52   0.012    -.3999873   -.0502132
     491011  |   .0784892   .1582335     0.50   0.620    -.2318983    .3888767
     492011  |    .460742   .1765584     2.61   0.009     .1144087    .8070752
     492020  |  -.0121693   .2087152    -0.06   0.954    -.4215807    .3972421
     492092  |  -.2736954   .1494436    -1.83   0.067    -.5668409    .0194501
     492098  |   .0041042   .1714579     0.02   0.981     -.332224    .3404323
     49209X  |  -.0322312   .1636617    -0.20   0.844    -.3532666    .2888041
     493023  |   .4488633   .2338567     1.92   0.055    -.0098652    .9075918
     493031  |   .1233859    .165677     0.74   0.457    -.2016025    .4483744
     493050  |  -.4238503   .4709388    -0.90   0.368    -1.347634    .4999334
     493090  |   .4359992   .3644557     1.20   0.232    -.2789096    1.150908
     499021  |    .423271   .2645605     1.60   0.110    -.0956853    .9422273
     499043  |   .5412654   .3573919     1.51   0.130    -.1597871    1.242318
     49904X  |   -.036466   .3107184    -0.12   0.907    -.6459647    .5730327
     499051  |   .3311849   .1765556     1.88   0.061    -.0151429    .6775126
     499060  |  -.2476023   .2712467    -0.91   0.361    -.7796742    .2844696
     499071  |   .0485289   .1673487     0.29   0.772    -.2797389    .3767966
     4990XX  |  -.3623385   .2978523    -1.22   0.224    -.9465994    .2219224
     511011  |   .1025243   .1508911     0.68   0.497    -.1934605    .3985092
     512020  |  -.0208844   .3314673    -0.06   0.950    -.6710838     .629315
     512041  |   .5427834   .2547764     2.13   0.033     .0430193    1.042547
     5120XX  |  -.1192766   .1973454    -0.60   0.546    -.5063853     .267832
     513011  |     .18076   .2378902     0.76   0.447    -.2858803    .6474004
     513020  |   .3459433   .2072443     1.67   0.095    -.0605828    .7524694
     513092  |  -.0911282   .1800539    -0.51   0.613    -.4443182    .2620618
     513099  |  -.0689121   .1939627    -0.36   0.722    -.4493853    .3115611
     514033  |   .4445795   .2544997     1.75   0.081    -.0546417    .9438008
     514041  |   .2186584   .2672722     0.82   0.413    -.3056171    .7429339
     5140XX  |   .3587008   .2345517     1.53   0.126    -.1013909    .8187924
     514111  |   .0782807   .1690932     0.46   0.643    -.2534091    .4099704
     514120  |  -.7618347   .1306243    -5.83   0.000    -1.018065   -.5056048
     514XXX  |   .4015848   .2554197     1.57   0.116    -.0994412    .9026108
     515111  |   .0526426   .1650746     0.32   0.750    -.2711644    .3764495
     515112  |   .1195219   .1594333     0.75   0.454    -.1932191    .4322629
     516011  |  -.1919315    .253378    -0.76   0.449    -.6889526    .3050895
     517011  |  -.1341788   .2592871    -0.52   0.605     -.642791    .3744334
     517042  |   .5244651   .2084133     2.52   0.012      .115646    .9332842
     518021  |   .1331611   .1835126     0.73   0.468    -.2268134    .4931356
     518031  |  -.0336753   .1994857    -0.17   0.866    -.4249824    .3576317
     519010  |  -.0243931    .226672    -0.11   0.914    -.4690282    .4202421
     519020  |  -.1212544   .1880101    -0.64   0.519    -.4900511    .2475423
     519061  |    .047491   .1449069     0.33   0.743    -.2367552    .3317373
     519111  |   .1512992   .2394024     0.63   0.527    -.3183076    .6209061
     519120  |  -.1635781   .2591637    -0.63   0.528    -.6719482     .344792
     519151  |   .4131468   .1625484     2.54   0.011     .0942952    .7319983
     519160  |   -.046013   .1631476    -0.28   0.778    -.3660398    .2740139
     519195  |  -.2440408   .3548842    -0.69   0.492    -.9401741    .4520926
     5191XX  |  -.0441419   .1764839    -0.25   0.803     -.390329    .3020451
     531000  |  -.1392284   .2463372    -0.57   0.572    -.6224383    .3439815
     532010  |          0  (omitted)
     533030  |  -.0097012   .1875579    -0.05   0.959    -.3776108    .3582084
     533051  |  -.3896062   .1631748    -2.39   0.017    -.7096865   -.0695259
     533053  |  -.9234565   .1299623    -7.11   0.000    -1.178388   -.6685251
     534031  |  -.2623186   .2608376    -1.01   0.315    -.7739721    .2493349
     5350XX  |          0  (omitted)
     536030  |   .4777789   .2407578     1.98   0.047     .0055134    .9500444
     5360XX  |   .2075578   .2436201     0.85   0.394    -.2703222    .6854379
     537021  |  -.0202603   .2067205    -0.10   0.922     -.425759    .3852383
     537051  |   .0923101   .1763476     0.52   0.601    -.2536096    .4382299
     537061  |  -.0153746   .2898789    -0.05   0.958    -.5839949    .5532458
     537062  |  -.0239018   .1669875    -0.14   0.886     -.351461    .3036574
     537065  |  -.1126777   .2073813    -0.54   0.587    -.5194725    .2941171
     5370XX  |  -.3144891   .2376029    -1.32   0.186    -.7805659    .1515877
             |
       _cons |    9.37334   .3099236    30.24   0.000     8.765401     9.98128
------------------------------------------------------------------------------

. estimates store m3

. 
. * 12. Macro-based keep list
. local keepvars "SERIALNO SPORDER PWGTP AGEP WAGP WKHP SCHL PINCP POVPIP ESR COW 
> MAR SEX RAC1P HISP NAICSP SOCP NAICSP_id SOCP_id ln_wage"

. 
. foreach v of local keepvars {
  2. capture confirm variable `v'
  3. if _rc {
  4. display as error "Missing keep variable: `v'"
  5.     }
  6. }

. 
. keep `keepvars'

. 
. save "processed_data/ps5_analysis_data.dta", replace
(file processed_data/ps5_analysis_data.dta not found)
file processed_data/ps5_analysis_data.dta saved

. 
. * 13. Closing log
. log close
      name:  <unnamed>
       log:  /Users/shyde/Desktop/Ps5/logs/ps5.log
  log type:  text
 closed on:   9 Mar 2026, 21:04:08
----------------------------------------------------------------------------------
